AR a138 behavioral C:/Users/occupation_snow/Desktop/FullTest/FullTest/circuit/250K/A138.vhf sub00/vhpl01 1449138191
EN papilio_one_250k NULL C:/Users/occupation_snow/Desktop/FullTest/FullTest/circuit/250K/Papilio_One_250K.vhf sub00/vhpl06 1449138196
AR a595 behavioral C:/Users/occupation_snow/Desktop/FullTest/FullTest/circuit/250K/A595.vhf sub00/vhpl03 1449138193
AR papilio_one_250k behavioral C:/Users/occupation_snow/Desktop/FullTest/FullTest/circuit/250K/Papilio_One_250K.vhf sub00/vhpl07 1449138197
EN a595 NULL C:/Users/occupation_snow/Desktop/FullTest/FullTest/circuit/250K/A595.vhf sub00/vhpl02 1449138192
EN a138 NULL C:/Users/occupation_snow/Desktop/FullTest/FullTest/circuit/250K/A138.vhf sub00/vhpl00 1449138190
AR a245 behavioral C:/Users/occupation_snow/Desktop/FullTest/FullTest/circuit/250K/A245.vhf sub00/vhpl05 1449138195
EN a245 NULL C:/Users/occupation_snow/Desktop/FullTest/FullTest/circuit/250K/A245.vhf sub00/vhpl04 1449138194
